org/Exceptions/EmptyPlaylistExceptionTest.class
org/View/ProfileEditorMenuTest.class
org/Model/Playlist/PlaylistCreatorTest.class
org/Model/Playlist/PlaylistFavoritesTest.class
org/Model/Plan/PlanTest.class
org/Model/Plan/PlanPremiumTopTest$1.class
org/View/ReproductionMenuTest.class
org/Utils/MusicPlayerTest.class
org/Model/Playlist/PlaylistRandomTest.class
org/View/MenuTest$TestMenu.class
org/View/ProfileMenuTest.class
org/Utils/BrowserOpenerTest.class
org/Exceptions/NoArtistsInDatabaseExceptionTest.class
org/Model/Album/Album_ESTest.class
org/View/PlaylistCreationMenuTest.class
org/Model/Album/AlbumTest.class
org/Exceptions/NotFoundExceptionTest.class
org/Controller/Controller_ESTest.class
org/Model/User/User_ESTest.class
org/Exceptions/NoUsersInDatabaseExceptionTest.class
org/Model/Plan/PlanTest$TestPlan.class
org/View/MainMenuTest.class
org/View/PlaylistMenuTest.class
org/View/PlanMenuTest.class
org/Model/Music/MusicMultimediaTest.class
org/Utils/SerializationTest.class
org/View/MenuTest.class
org/Model/SpotifUM_ESTest_scaffolding.class
org/Model/Plan/PlanPremiumBaseTest.class
org/Model/SpotifUMExtendedTest.class
org/Model/Playlist/Playlist_ESTest.class
org/Model/User/UserTest$3.class
org/View/LoginMenuTest.class
org/Model/SpotifUMTest.class
org/Model/Music/MusicTest.class
org/Model/Music/Music_ESTest.class
org/Model/Music/MusicReproductionTest.class
org/Model/Plan/PlanFreeTest.class
org/Model/User/User_ESTest_scaffolding.class
org/Model/User/UserTest$2.class
org/Model/Playlist/PlaylistTest.class
org/View/AdminMenuTest.class
org/Exceptions/NoPremissionExceptionTest.class
org/Model/User/UserTest.class
org/Model/Album/Album_ESTest_scaffolding.class
org/Model/Music/Music_ESTest_scaffolding.class
org/Controller/Controller_ESTest_scaffolding.class
org/Model/Playlist/Playlist_ESTest_scaffolding.class
org/Model/Plan/PlanPremiumTopTest.class
org/Model/User/UserTest$1.class
org/Model/SpotifUM_ESTest.class
org/Controller/ControllerTest.class
org/View/MenuManagerTest.class
org/Exceptions/AlreadyExistsExceptionTest.class
org/Controller/dtos/MusicInfoTest.class
org/View/StatisticsMenuTest.class
org/Exceptions/NoMusicsInDatabaseExceptionTest.class
org/Exceptions/NoReproductionsInDatabaseExceptionTest.class
