/Users/tiagobarros/ATS_25-26/TP_ATS/src/test/java/org/Model/User/UserTest.java
/Users/tiagobarros/ATS_25-26/TP_ATS/src/test/java/org/Model/Plan/PlanPremiumTopTest.java
/Users/tiagobarros/ATS_25-26/TP_ATS/src/test/java/org/Model/Album/Album_ESTest.java
/Users/tiagobarros/ATS_25-26/TP_ATS/src/test/java/org/Model/SpotifUM_ESTest.java
/Users/tiagobarros/ATS_25-26/TP_ATS/src/test/java/org/Exceptions/NoUsersInDatabaseExceptionTest.java
/Users/tiagobarros/ATS_25-26/TP_ATS/src/test/java/org/Model/Plan/PlanTest.java
/Users/tiagobarros/ATS_25-26/TP_ATS/src/test/java/org/View/MenuManagerTest.java
/Users/tiagobarros/ATS_25-26/TP_ATS/src/test/java/org/View/PlaylistCreationMenuTest.java
/Users/tiagobarros/ATS_25-26/TP_ATS/src/test/java/org/Model/Album/AlbumTest.java
/Users/tiagobarros/ATS_25-26/TP_ATS/src/test/java/org/Exceptions/NotFoundExceptionTest.java
/Users/tiagobarros/ATS_25-26/TP_ATS/src/test/java/org/Model/Playlist/PlaylistFavoritesTest.java
/Users/tiagobarros/ATS_25-26/TP_ATS/src/test/java/org/Controller/dtos/MusicInfoTest.java
/Users/tiagobarros/ATS_25-26/TP_ATS/src/test/java/org/Model/Album/Album_ESTest_scaffolding.java
/Users/tiagobarros/ATS_25-26/TP_ATS/src/test/java/org/Model/Music/MusicTest.java
/Users/tiagobarros/ATS_25-26/TP_ATS/src/test/java/org/Controller/Controller_ESTest.java
/Users/tiagobarros/ATS_25-26/TP_ATS/src/test/java/org/Model/Music/Music_ESTest_scaffolding.java
/Users/tiagobarros/ATS_25-26/TP_ATS/src/test/java/org/View/PlanMenuTest.java
/Users/tiagobarros/ATS_25-26/TP_ATS/src/test/java/org/Model/Playlist/Playlist_ESTest_scaffolding.java
/Users/tiagobarros/ATS_25-26/TP_ATS/src/test/java/org/Model/Playlist/PlaylistCreatorTest.java
/Users/tiagobarros/ATS_25-26/TP_ATS/src/test/java/org/View/StatisticsMenuTest.java
/Users/tiagobarros/ATS_25-26/TP_ATS/src/test/java/org/Exceptions/EmptyPlaylistExceptionTest.java
/Users/tiagobarros/ATS_25-26/TP_ATS/src/test/java/org/QuickCheck/QuickCheckPropertyTest.java
/Users/tiagobarros/ATS_25-26/TP_ATS/src/test/java/org/Utils/BrowserOpenerTest.java
/Users/tiagobarros/ATS_25-26/TP_ATS/src/test/java/org/View/ProfileMenuTest.java
/Users/tiagobarros/ATS_25-26/TP_ATS/src/test/java/org/Exceptions/NoMusicsInDatabaseExceptionTest.java
/Users/tiagobarros/ATS_25-26/TP_ATS/src/test/java/org/View/ReproductionMenuTest.java
/Users/tiagobarros/ATS_25-26/TP_ATS/src/test/java/org/Model/SpotifyUMTest.java
/Users/tiagobarros/ATS_25-26/TP_ATS/src/test/java/org/Controller/ControllerTest.java
/Users/tiagobarros/ATS_25-26/TP_ATS/src/test/java/org/Model/Music/Music_ESTest.java
/Users/tiagobarros/ATS_25-26/TP_ATS/src/test/java/org/Controller/Controller_ESTest_scaffolding.java
/Users/tiagobarros/ATS_25-26/TP_ATS/src/test/java/org/Model/SpotifUM_ESTest_scaffolding.java
/Users/tiagobarros/ATS_25-26/TP_ATS/src/test/java/org/View/AdminMenuTest.java
/Users/tiagobarros/ATS_25-26/TP_ATS/src/test/java/org/View/MenuTest.java
/Users/tiagobarros/ATS_25-26/TP_ATS/src/test/java/org/Exceptions/NoPremissionExceptionTest.java
/Users/tiagobarros/ATS_25-26/TP_ATS/src/test/java/org/View/MainMenuTest.java
/Users/tiagobarros/ATS_25-26/TP_ATS/src/test/java/org/Exceptions/NoReproductionsInDatabaseExceptionTest.java
/Users/tiagobarros/ATS_25-26/TP_ATS/src/test/java/org/Model/Music/MusicMultimediaTest.java
/Users/tiagobarros/ATS_25-26/TP_ATS/src/test/java/org/Model/User/User_ESTest_scaffolding.java
/Users/tiagobarros/ATS_25-26/TP_ATS/src/test/java/org/Exceptions/NoArtistsInDatabaseExceptionTest.java
/Users/tiagobarros/ATS_25-26/TP_ATS/src/test/java/org/Utils/MusicPlayerTest.java
/Users/tiagobarros/ATS_25-26/TP_ATS/src/test/java/org/Model/SpotifUMExtendedTest.java
/Users/tiagobarros/ATS_25-26/TP_ATS/src/test/java/org/Model/Playlist/PlaylistTest.java
/Users/tiagobarros/ATS_25-26/TP_ATS/src/test/java/org/Model/Playlist/PlaylistRandomTest.java
/Users/tiagobarros/ATS_25-26/TP_ATS/src/test/java/org/View/LoginMenuTest.java
/Users/tiagobarros/ATS_25-26/TP_ATS/src/test/java/org/Model/Playlist/Playlist_ESTest.java
/Users/tiagobarros/ATS_25-26/TP_ATS/src/test/java/org/Model/Music/MusicReproductionTest.java
/Users/tiagobarros/ATS_25-26/TP_ATS/src/test/java/org/Model/Plan/PlanPremiumBaseTest.java
/Users/tiagobarros/ATS_25-26/TP_ATS/src/test/java/org/Model/Plan/PlanFreeTest.java
/Users/tiagobarros/ATS_25-26/TP_ATS/src/test/java/org/View/ProfileEditorMenuTest.java
/Users/tiagobarros/ATS_25-26/TP_ATS/src/test/java/org/Exceptions/AlreadyExistsExceptionTest.java
/Users/tiagobarros/ATS_25-26/TP_ATS/src/test/java/org/Utils/SerializationTest.java
/Users/tiagobarros/ATS_25-26/TP_ATS/src/test/java/org/Model/User/User_ESTest.java
/Users/tiagobarros/ATS_25-26/TP_ATS/src/test/java/org/View/PlaylistMenuTest.java
