/Users/tiagobarros/ATS_25-26/TP_ATS/src/main/java/org/View/MenuManager.java
/Users/tiagobarros/ATS_25-26/TP_ATS/src/main/java/org/View/ReproductionMenu.java
/Users/tiagobarros/ATS_25-26/TP_ATS/src/main/java/org/Controller/dtos/MusicInfo.java
/Users/tiagobarros/ATS_25-26/TP_ATS/src/main/java/org/Model/Playlist/Playlist.java
/Users/tiagobarros/ATS_25-26/TP_ATS/src/main/java/org/Exceptions/NoUsersInDatabaseException.java
/Users/tiagobarros/ATS_25-26/TP_ATS/src/main/java/org/Model/SpotifUM.java
/Users/tiagobarros/ATS_25-26/TP_ATS/src/main/java/org/Exceptions/NoReproductionsInDatabaseException.java
/Users/tiagobarros/ATS_25-26/TP_ATS/src/main/java/org/Exceptions/NoMusicsInDatabaseException.java
/Users/tiagobarros/ATS_25-26/TP_ATS/src/main/java/org/Model/Music/MusicReproduction.java
/Users/tiagobarros/ATS_25-26/TP_ATS/src/main/java/org/View/ProfileEditorMenu.java
/Users/tiagobarros/ATS_25-26/TP_ATS/src/main/java/org/View/AdminMenu.java
/Users/tiagobarros/ATS_25-26/TP_ATS/src/main/java/org/Exceptions/EmptyPlaylistException.java
/Users/tiagobarros/ATS_25-26/TP_ATS/src/main/java/org/View/PlanMenu.java
/Users/tiagobarros/ATS_25-26/TP_ATS/src/main/java/org/Model/Plan/PlanPremiumTop.java
/Users/tiagobarros/ATS_25-26/TP_ATS/src/main/java/org/Model/Playlist/PlaylistFavorites.java
/Users/tiagobarros/ATS_25-26/TP_ATS/src/main/java/org/Model/Plan/PlanPremiumBase.java
/Users/tiagobarros/ATS_25-26/TP_ATS/src/main/java/org/View/PlaylistMenu.java
/Users/tiagobarros/ATS_25-26/TP_ATS/src/main/java/org/Model/Playlist/PlaylistCreator.java
/Users/tiagobarros/ATS_25-26/TP_ATS/src/main/java/org/Utils/MusicPlayer.java
/Users/tiagobarros/ATS_25-26/TP_ATS/src/main/java/org/Exceptions/NoPremissionException.java
/Users/tiagobarros/ATS_25-26/TP_ATS/src/main/java/org/Model/Plan/Plan.java
/Users/tiagobarros/ATS_25-26/TP_ATS/src/main/java/org/View/PlaylistCreationMenu.java
/Users/tiagobarros/ATS_25-26/TP_ATS/src/main/java/org/View/StatisticsMenu.java
/Users/tiagobarros/ATS_25-26/TP_ATS/src/main/java/org/Model/Album/Album.java
/Users/tiagobarros/ATS_25-26/TP_ATS/src/main/java/org/Utils/BrowserOpener.java
/Users/tiagobarros/ATS_25-26/TP_ATS/src/main/java/org/View/ProfileMenu.java
/Users/tiagobarros/ATS_25-26/TP_ATS/src/main/java/org/App.java
/Users/tiagobarros/ATS_25-26/TP_ATS/src/main/java/org/View/Menu.java
/Users/tiagobarros/ATS_25-26/TP_ATS/src/main/java/org/Exceptions/NoArtistsInDatabaseException.java
/Users/tiagobarros/ATS_25-26/TP_ATS/src/main/java/org/View/MainMenu.java
/Users/tiagobarros/ATS_25-26/TP_ATS/src/main/java/org/Model/User/User.java
/Users/tiagobarros/ATS_25-26/TP_ATS/src/main/java/org/Model/Plan/PlanFree.java
/Users/tiagobarros/ATS_25-26/TP_ATS/src/main/java/org/Model/Music/Music.java
/Users/tiagobarros/ATS_25-26/TP_ATS/src/main/java/org/Exceptions/AlreadyExistsException.java
/Users/tiagobarros/ATS_25-26/TP_ATS/src/main/java/org/Exceptions/NotFoundException.java
/Users/tiagobarros/ATS_25-26/TP_ATS/src/main/java/org/Utils/Serialization.java
/Users/tiagobarros/ATS_25-26/TP_ATS/src/main/java/org/Controller/Controller.java
/Users/tiagobarros/ATS_25-26/TP_ATS/src/main/java/org/View/LoginMenu.java
/Users/tiagobarros/ATS_25-26/TP_ATS/src/main/java/org/Model/Music/MusicMultimedia.java
/Users/tiagobarros/ATS_25-26/TP_ATS/src/main/java/org/Model/Playlist/PlaylistRandom.java
